{
    "seed": -9006969502889544803,
    "samples": [
        {
            "age": -16,
            "name": "\u001dÔ.aYz&¢©!d1ÀÒ\u0006<®\u000ci&"
        },
        {
            "age": -4,
            "name": "\u0000rpX´WÞm"
        },
        {
            "age": -17,
            "name": "- Oð@\u0007×efic|\nF;\u0006y\u001fe3qB- /p"
        },
        {
            "age": -8,
            "name": "\u001fà'¤Ü\u001d%@0¹·'Ã\u0010S\u0017\u001dYVy]?²ó6"
        },
        {
            "age": -6,
            "name": ""
        },
        {
            "age": -24,
            "name": "x%r'X/RDxu<\u00085Væ\t\u0003`li\u0013ÑE"
        },
        {
            "age": 27,
            "name": "oU5Ç\u0015XÉw.ã"
        },
        {
            "age": 25,
            "name": "\u001e\u0002¨i+<Ml9j]^Å®\u0019\u000e\u00065UA\u0000"
        },
        {
            "age": -12,
            "name": "\u000emy@{5&\u001fz$9\u0017\u0013o{¾¾gÝòQà"
        },
        {
            "age": -1,
            "name": "ï¦\u00004G©\t\u000ck(cinJG\u001fp"
        },
        {
            "age": 11,
            "name": "\t®\u0015Jcÿ;\u000eFLý3gO?Ç4RöJ\u00063"
        },
        {
            "age": -29,
            "name": "J-.µ(\u0004¾\u0016AyÕ}B\u0018 ùZÈÖe~Æ\u001eO u"
        },
        {
            "age": -3,
            "name": "T\u001dR!:jKÀ\ri±"
        },
        {
            "age": 25,
            "name": "rö\u001dÓ\u0001:Wá\u0001P!/\u0010"
        },
        {
            "age": -18,
            "name": ")\u0001F~:\u0004\u0006{5uÎh\u0001@\u0005\u0001Lfç÷zí"
        },
        {
            "age": 7,
            "name": "`l\u001eÆÚ\u0018¹(l©ã\\c0\u00198P"
        },
        {
            "age": -4,
            "name": "'"
        },
        {
            "age": 14,
            "name": "=\u001b"
        },
        {
            "age": 2,
            "name": "ø\u0001?1p»k_!}\u0013J"
        },
        {
            "age": 9,
            "name": "e\u0000b÷\rH­N\u000f\u000c."
        },
        {
            "age": 11,
            "name": "¯D`:µ|©%\u0006|"
        },
        {
            "age": -30,
            "name": "#£.I¤\rBc-"
        },
        {
            "age": -25,
            "name": "O5+l$ç\u0006m&2*>"
        },
        {
            "age": -14,
            "name": ""
        },
        {
            "age": 30,
            "name": "q\u000523z>\".}agm0gØH^\u0006ÒlVcÁS:y%"
        },
        {
            "age": 11,
            "name": "fUY\u000b'Ft­!f%\u0017¼"
        },
        {
            "age": 23,
            "name": "=D[JD¬"
        },
        {
            "age": -10,
            "name": " Ã]ß"
        },
        {
            "age": -5,
            "name": "^5s¸~V"
        },
        {
            "age": 6,
            "name": "j0O"
        },
        {
            "age": 19,
            "name": "òb\u0017#\u00033õ\u000c\u001f©_"
        },
        {
            "age": 0,
            "name": "1bb7Bà\u001aÈMÍ\u0008:P(Þ;D®a ó&\u0017K"
        },
        {
            "age": -6,
            "name": "¾rv\u0016A8@'H"
        },
        {
            "age": -13,
            "name": "/"
        },
        {
            "age": -28,
            "name": "\u0007"
        },
        {
            "age": -6,
            "name": "n`;tz\u001fNu!S*D·\r\u0019ßyÞ\u0016i\u0012SE\r\u000e\u001a"
        },
        {
            "age": 22,
            "name": "\u0008G\u001c\\X\u000fY\u0011è.\u001d<\u0000-Ô"
        },
        {
            "age": 5,
            "name": "Ó_Ûi¸gnkgtÑµ»"
        },
        {
            "age": 21,
            "name": "ã\u0010u\u000búo))f"
        },
        {
            "age": 27,
            "name": "|êJh--"
        },
        {
            "age": -21,
            "name": "êú"
        },
        {
            "age": -8,
            "name": "XN5SB\u0017<AK\u0005la£\"\u0018Sb¡`muÖùúÎ"
        },
        {
            "age": 25,
            "name": "Hxl3,| \\\u0019\u0017"
        },
        {
            "age": -25,
            "name": "É\u00009ÚmÄMI\u0014¤\u0000B.\u000f>IïLÜz"
        },
        {
            "age": 28,
            "name": "á5-~KhQÜ5-<M\"¹~wP¢;"
        },
        {
            "age": 2,
            "name": "\u001fil©>75h¹\u0013ª"
        },
        {
            "age": 29,
            "name": "4cë4öC´"
        },
        {
            "age": 6,
            "name": "÷R1¸"
        },
        {
            "age": -25,
            "name": "\u000b%j|LS*õ'§Ý\u0019!@f/bô°"
        },
        {
            "age": 18,
            "name": "í\tCc\u000f\\^Y$VÊH<#üdü0¨\u001eü¾xW]áÉ&\u0017"
        },
        {
            "age": 15,
            "name": "Úzs\n8\u0002Z»eB3lieÇ\u0017)59\u0010"
        },
        {
            "age": 26,
            "name": "4\u00114\"\u0010'noL_,mQ0"
        },
        {
            "age": -19,
            "name": "A:"
        },
        {
            "age": 2,
            "name": "'L¥O\u0018f/L"
        },
        {
            "age": 21,
            "name": "\u000bn~V`K\u0005e\u000cFeÀne_u"
        },
        {
            "age": -15,
            "name": "\u0016x\"_7¨3="
        },
        {
            "age": 0,
            "name": ")#@ûZ>êhx\u0014§'\u0012%$ä\\À\u0013tK\u000b?æ77"
        },
        {
            "age": 2,
            "name": "v\n\u0007r¸\\"
        },
        {
            "age": 26,
            "name": "\u0001Of/?H\"\u00112Õ¬²4"
        },
        {
            "age": -21,
            "name": "Qh'Z\u0016\u0014"
        },
        {
            "age": -4,
            "name": "\u0004XgE"
        },
        {
            "age": -9,
            "name": "¿Vb\u001e#jyRÝã\u0008m3Jt\u0010Q"
        },
        {
            "age": 21,
            "name": "h¨"
        },
        {
            "age": -1,
            "name": "yYr\u0002\u001b\u0003abÀïP]\u0010\u0010:V?Ín-®²eHè"
        },
        {
            "age": 14,
            "name": "µhzÉ\u001fS><Q\u0014j^"
        },
        {
            "age": 20,
            "name": ":R\u0005"
        },
        {
            "age": 13,
            "name": "\u0005Ó\u000fîSv\u000eÒ\rÇ|=!F\u0018x\u00072\u001f]\u001dgQ¼"
        },
        {
            "age": -23,
            "name": "~\u001fPµ9ÝæCú@\u0010\u0018W3"
        },
        {
            "age": 19,
            "name": "Ù³f Ïz®W"
        },
        {
            "age": 12,
            "name": "\u0013mf}g7\u001a8"
        },
        {
            "age": -29,
            "name": "7P\u001dMh\rjL¹{^Y"
        },
        {
            "age": -8,
            "name": "\u001f}Ù!\u0017"
        },
        {
            "age": 9,
            "name": "\u00163_"
        },
        {
            "age": 28,
            "name": "z\u0008>c\u001f1}<z t8"
        },
        {
            "age": 19,
            "name": " \u001el"
        },
        {
            "age": -18,
            "name": "\u0001Çd6m\u00100EY\u0008\u0007Ô\u0016!\u001dy .e\u0014D\u000ejwòRH"
        },
        {
            "age": 30,
            "name": "[\ne×<Ò"
        },
        {
            "age": 10,
            "name": "<s:\u0014núïn\\Z3\u0012\\ÎEü-²·\u0003"
        },
        {
            "age": -22,
            "name": "}gxWMXÞâP:ÿ_^%ÿRU"
        },
        {
            "age": 2,
            "name": "\u000f,]Eu\u0007"
        },
        {
            "age": 3,
            "name": "\u001cWWÃ¶`û\u0018\u0011iUL'\u0013QvÂ#·"
        },
        {
            "age": 22,
            "name": "G³¨zp"
        },
        {
            "age": 30,
            "name": "\u0011\rk*÷âÏ3LÐ(/\u00005@xPË%\u0013óáL1¥"
        },
        {
            "age": 16,
            "name": "«Z\t(7cc@\u0010U]BH/§øP@\u0007dJåÀ\u0007\u0017V\u0019·z"
        },
        {
            "age": 9,
            "name": "hÁ\u0017Ácþec\u0007}{µ\u000câq5\u0010³kÌ\u0010d\u0017\nÅ±\u0003§"
        },
        {
            "age": -13,
            "name": "X<o vä/'!¦ûwQ"
        },
        {
            "age": -27,
            "name": "\u0018Q-_xwr_§\u0014l\u00181lã0r0tz/\u0002\u001d9¢"
        },
        {
            "age": -26,
            "name": "4#\u0007RlMs-ÔL\n (\nä8"
        },
        {
            "age": 25,
            "name": "5\u0006'"
        },
        {
            "age": -2,
            "name": ";\u001eÇz3mY"
        },
        {
            "age": -30,
            "name": "\u0010\u0007[\u0016b\r"
        },
        {
            "age": -12,
            "name": "/aV;\u0005y8\u000f`;3\u001aÃ\u0019\u001b"
        },
        {
            "age": 17,
            "name": "\r.X1|+m\r_O8Z"
        },
        {
            "age": -25,
            "name": "Á4ÿHó/\r\u0000"
        },
        {
            "age": -11,
            "name": "Y\u0011Z+u\u000c?K\u0001\u000cù\rÊ\u00081\u0004ur_Ñ9Ýæ"
        },
        {
            "age": 9,
            "name": "m"
        },
        {
            "age": -30,
            "name": "\u000cÕ-f÷èa È3Ì"
        },
        {
            "age": 17,
            "name": "\u001b_ò%9\u0006'ø\\w\u001d3ô&-"
        },
        {
            "age": 3,
            "name": ":^A\u0018v\u001e\u0012\u001bT}\u0000q\u0002h·\u0016"
        },
        {
            "age": -1,
            "name": "Ò¡h%7Q÷]\u001b8\u0019È6I\u0010H¸\u000b^\u0001"
        }
    ]
}