{
    "seed": 2282916680658150802,
    "samples": [
        {
            "companyName": "y)º]",
            "employees": [
                {
                    "age": 22,
                    "name": "l´\u0014Ýô<X"
                },
                {
                    "age": 7,
                    "name": "è_\u0015u])"
                },
                {
                    "age": -6,
                    "name": "ñ\u001dû|«Ñ\u001bÜ3\u0010=ù«V´\u0000}0wvÐ\u0013f1û"
                },
                {
                    "age": 19,
                    "name": "d0\u001eV3?v_\t)Q=¦R"
                },
                {
                    "age": -4,
                    "name": "D^K\u0012)\u0001#{\u0008j\u0014*ª&\u0001"
                },
                {
                    "age": 8,
                    "name": "ØNXI£9\u0001\u0003óKÛFs\u0018\u0019Z0"
                },
                {
                    "age": 28,
                    "name": "E\tX\u001cÕ\u001al"
                },
                {
                    "age": 13,
                    "name": "\u0016mêWx­ËU°xÁ\u0004a\rYY\u000f4î\u0000Ã\u000c\u0007^%"
                },
                {
                    "age": -24,
                    "name": "J\u0018¶\u0011\u0017±"
                },
                {
                    "age": 24,
                    "name": "_"
                },
                {
                    "age": 17,
                    "name": "-\t "
                },
                {
                    "age": -18,
                    "name": "t\u0007gÉã\\m$9"
                },
                {
                    "age": 25,
                    "name": "cøMIh]bCYk<\u0007\u0010~°o@ncqexy"
                },
                {
                    "age": 25,
                    "name": "viEFUÍ>ft\u001bk^:Bf7)\u000eÆ\u0019AG,,qQ\"3'"
                },
                {
                    "age": -5,
                    "name": "\u0014vY5[ä"
                },
                {
                    "age": -30,
                    "name": "¬%û7C3Úi,>Gv¹4§\u0000Óÿ\u0004)°ÎaQ"
                },
                {
                    "age": -30,
                    "name": "©#\u0014y6tá7í\u001f"
                },
                {
                    "age": -27,
                    "name": "Oq\u0006P<y«åzxðK"
                },
                {
                    "age": 3,
                    "name": "E@R>DÇ\u0019ðV\u0011nq"
                },
                {
                    "age": 14,
                    "name": "\"\u0005dQ8\u0017xÕ"
                },
                {
                    "age": -19,
                    "name": "N"
                },
                {
                    "age": 14,
                    "name": "WQøA_úø\u00145`y"
                },
                {
                    "age": 10,
                    "name": "J{¯k\u0015\u0019Û#3XÙ\u0016F×~&G\u0006"
                },
                {
                    "age": 14,
                    "name": "\u0004åuiûiZ{\u0008m\u001bÄ\u001aNt=\u001d÷\u000c\u0000wíFR"
                }
            ]
        }
   ]
}
